192.168.1.9 - - [17/May/2025:05:35:49 +0000] "GET /admin HTTP/1.1" 302 1103 "-" "Mozilla/5.0 (Macintosh; Intel Mac OS X 10_15_7)"
192.168.1.7 - - [17/May/2025:05:21:54 +0000] "POST /login HTTP/1.1" 200 3183 "http://example.com" "Mozilla/5.0 (Linux; Android 10; SM-G970F)"
192.168.1.18 - - [17/May/2025:05:23:06 +0000] "GET /dashboard HTTP/1.1" 400 3523 "http://example.com" "Mozilla/5.0 (Windows NT 10.0; Win64; x64)"
192.168.1.14 - - [17/May/2025:05:27:36 +0000] "DELETE /admin HTTP/1.1" 500 1180 "-" "Mozilla/5.0 (Linux; Android 10; SM-G970F)"
192.168.1.9 - - [17/May/2025:05:51:49 +0000] "DELETE /admin HTTP/1.1" 403 2466 "https://referrer.com" "curl/7.68.0"
192.168.1.8 - - [17/May/2025:06:03:15 +0000] "DELETE /register HTTP/1.1" 404 624 "-" "PostmanRuntime/7.29.0"
192.168.1.6 - - [17/May/2025:05:43:26 +0000] "DELETE /dashboard HTTP/1.1" 200 2265 "http://example.com" "PostmanRuntime/7.29.0"
192.168.1.9 - - [17/May/2025:05:30:34 +0000] "DELETE /api/update HTTP/1.1" 401 2206 "https://referrer.com" "Mozilla/5.0 (Linux; Android 10; SM-G970F)"
192.168.1.2 - - [17/May/2025:05:57:36 +0000] "POST /api/data HTTP/1.1" 301 3478 "https://referrer.com" "curl/7.68.0"
192.168.1.20 - - [17/May/2025:05:49:45 +0000] "POST /api/data HTTP/1.1" 301 1280 "https://referrer.com" "curl/7.68.0"
192.168.1.10 - - [17/May/2025:05:18:45 +0000] "DELETE /login HTTP/1.1" 200 3914 "https://referrer.com" "PostmanRuntime/7.29.0"
192.168.1.9 - - [17/May/2025:05:19:31 +0000] "PUT /logout HTTP/1.1" 500 4720 "http://example.com" "PostmanRuntime/7.29.0"
192.168.1.8 - - [17/May/2025:05:32:45 +0000] "GET /api/update HTTP/1.1" 502 3829 "https://referrer.com" "Mozilla/5.0 (Linux; Android 10; SM-G970F)"
192.168.1.6 - - [17/May/2025:05:33:52 +0000] "POST /admin HTTP/1.1" 401 4595 "http://example.com" "Mozilla/5.0 (Macintosh; Intel Mac OS X 10_15_7)"
192.168.1.3 - - [17/May/2025:05:42:20 +0000] "GET /api/data HTTP/1.1" 404 4256 "-" "Mozilla/5.0 (Windows NT 10.0; Win64; x64)"
192.168.1.20 - - [17/May/2025:05:43:29 +0000] "DELETE /register HTTP/1.1" 403 4876 "http://example.com" "Mozilla/5.0 (Linux; Android 10; SM-G970F)"
192.168.1.11 - - [17/May/2025:05:31:07 +0000] "DELETE /api/update HTTP/1.1" 500 2838 "-" "PostmanRuntime/7.29.0"
192.168.1.11 - - [17/May/2025:05:59:10 +0000] "POST /register HTTP/1.1" 302 1845 "https://referrer.com" "PostmanRuntime/7.29.0"
192.168.1.17 - - [17/May/2025:05:26:13 +0000] "PUT /logout HTTP/1.1" 301 4278 "http://example.com" "PostmanRuntime/7.29.0"
192.168.1.19 - - [17/May/2025:05:38:06 +0000] "POST /dashboard HTTP/1.1" 400 3463 "https://referrer.com" "Mozilla/5.0 (Linux; Android 10; SM-G970F)"
192.168.1.19 - - [17/May/2025:06:10:34 +0000] "PUT /api/update HTTP/1.1" 503 1021 "https://referrer.com" "curl/7.68.0"
192.168.1.7 - - [17/May/2025:05:35:49 +0000] "DELETE /api/update HTTP/1.1" 401 3706 "-" "Mozilla/5.0 (Macintosh; Intel Mac OS X 10_15_7)"
192.168.1.12 - - [17/May/2025:05:24:29 +0000] "GET /register HTTP/1.1" 404 2156 "http://example.com" "Mozilla/5.0 (Macintosh; Intel Mac OS X 10_15_7)"
192.168.1.4 - - [17/May/2025:05:32:27 +0000] "POST /logout HTTP/1.1" 302 2320 "http://example.com" "curl/7.68.0"
192.168.1.11 - - [17/May/2025:05:46:13 +0000] "POST /admin HTTP/1.1" 302 765 "https://referrer.com" "Mozilla/5.0 (Windows NT 10.0; Win64; x64)"
192.168.1.1 - - [17/May/2025:05:17:02 +0000] "POST /logout HTTP/1.1" 403 1779 "https://referrer.com" "curl/7.68.0"
192.168.1.4 - - [17/May/2025:05:32:08 +0000] "GET /admin HTTP/1.1" 404 2614 "-" "Mozilla/5.0 (Windows NT 10.0; Win64; x64)"
192.168.1.4 - - [17/May/2025:05:11:38 +0000] "PUT /api/data HTTP/1.1" 401 3684 "https://referrer.com" "Mozilla/5.0 (Macintosh; Intel Mac OS X 10_15_7)"
192.168.1.12 - - [17/May/2025:06:00:58 +0000] "GET /api/data HTTP/1.1" 200 1212 "http://example.com" "Mozilla/5.0 (Windows NT 10.0; Win64; x64)"
192.168.1.1 - - [17/May/2025:05:50:38 +0000] "PUT /register HTTP/1.1" 500 3633 "http://example.com" "Mozilla/5.0 (Macintosh; Intel Mac OS X 10_15_7)"
192.168.1.19 - - [17/May/2025:05:36:48 +0000] "DELETE /api/data HTTP/1.1" 401 2881 "http://example.com" "PostmanRuntime/7.29.0"
192.168.1.14 - - [17/May/2025:05:13:33 +0000] "POST /login HTTP/1.1" 401 1076 "-" "Mozilla/5.0 (Linux; Android 10; SM-G970F)"
192.168.1.12 - - [17/May/2025:05:24:02 +0000] "DELETE /logout HTTP/1.1" 302 2223 "https://referrer.com" "Mozilla/5.0 (Macintosh; Intel Mac OS X 10_15_7)"
192.168.1.13 - - [17/May/2025:05:23:10 +0000] "POST /register HTTP/1.1" 301 1641 "-" "Mozilla/5.0 (Windows NT 10.0; Win64; x64)"
192.168.1.12 - - [17/May/2025:05:49:06 +0000] "POST /admin HTTP/1.1" 401 2319 "https://referrer.com" "curl/7.68.0"
192.168.1.7 - - [17/May/2025:06:05:46 +0000] "POST /login HTTP/1.1" 502 1667 "https://referrer.com" "Mozilla/5.0 (Windows NT 10.0; Win64; x64)"
192.168.1.4 - - [17/May/2025:05:28:39 +0000] "GET /home HTTP/1.1" 404 2327 "https://referrer.com" "Mozilla/5.0 (Macintosh; Intel Mac OS X 10_15_7)"
192.168.1.9 - - [17/May/2025:05:52:55 +0000] "DELETE /api/data HTTP/1.1" 403 572 "-" "PostmanRuntime/7.29.0"
192.168.1.17 - - [17/May/2025:05:29:59 +0000] "DELETE /api/data HTTP/1.1" 400 3576 "https://referrer.com" "Mozilla/5.0 (Windows NT 10.0; Win64; x64)"
192.168.1.5 - - [17/May/2025:06:08:49 +0000] "PUT /home HTTP/1.1" 302 3355 "-" "Mozilla/5.0 (Windows NT 10.0; Win64; x64)"
192.168.1.19 - - [17/May/2025:05:13:49 +0000] "PUT /register HTTP/1.1" 403 2002 "-" "PostmanRuntime/7.29.0"
192.168.1.1 - - [17/May/2025:06:08:27 +0000] "DELETE /api/update HTTP/1.1" 502 557 "-" "Mozilla/5.0 (Windows NT 10.0; Win64; x64)"
192.168.1.3 - - [17/May/2025:05:59:39 +0000] "POST /api/data HTTP/1.1" 404 3737 "http://example.com" "curl/7.68.0"
192.168.1.13 - - [17/May/2025:05:39:45 +0000] "PUT /logout HTTP/1.1" 404 2771 "http://example.com" "PostmanRuntime/7.29.0"
192.168.1.14 - - [17/May/2025:06:02:38 +0000] "PUT /register HTTP/1.1" 503 1590 "http://example.com" "curl/7.68.0"
192.168.1.13 - - [17/May/2025:05:12:27 +0000] "DELETE /api/data HTTP/1.1" 500 2787 "-" "PostmanRuntime/7.29.0"
192.168.1.20 - - [17/May/2025:06:00:47 +0000] "GET /register HTTP/1.1" 503 2273 "http://example.com" "PostmanRuntime/7.29.0"
192.168.1.14 - - [17/May/2025:06:09:34 +0000] "PUT /dashboard HTTP/1.1" 400 1387 "https://referrer.com" "Mozilla/5.0 (Macintosh; Intel Mac OS X 10_15_7)"
192.168.1.1 - - [17/May/2025:05:24:45 +0000] "GET /api/data HTTP/1.1" 401 2162 "-" "curl/7.68.0"
192.168.1.6 - - [17/May/2025:05:13:42 +0000] "PUT /admin HTTP/1.1" 401 377 "http://example.com" "Mozilla/5.0 (Windows NT 10.0; Win64; x64)"
192.168.1.13 - - [17/May/2025:05:45:07 +0000] "GET /api/data HTTP/1.1" 502 1247 "http://example.com" "Mozilla/5.0 (Linux; Android 10; SM-G970F)"
192.168.1.13 - - [17/May/2025:05:58:19 +0000] "DELETE /logout HTTP/1.1" 400 1849 "https://referrer.com" "curl/7.68.0"
192.168.1.20 - - [17/May/2025:05:15:21 +0000] "GET /login HTTP/1.1" 200 3518 "-" "curl/7.68.0"
192.168.1.2 - - [17/May/2025:05:34:23 +0000] "GET /admin HTTP/1.1" 502 678 "-" "Mozilla/5.0 (Macintosh; Intel Mac OS X 10_15_7)"
192.168.1.14 - - [17/May/2025:05:28:27 +0000] "DELETE /admin HTTP/1.1" 301 1934 "https://referrer.com" "curl/7.68.0"
192.168.1.7 - - [17/May/2025:06:04:26 +0000] "GET /dashboard HTTP/1.1" 404 930 "http://example.com" "PostmanRuntime/7.29.0"
192.168.1.6 - - [17/May/2025:05:53:23 +0000] "POST /admin HTTP/1.1" 401 3786 "-" "Mozilla/5.0 (Macintosh; Intel Mac OS X 10_15_7)"
192.168.1.2 - - [17/May/2025:05:36:20 +0000] "DELETE /dashboard HTTP/1.1" 503 733 "http://example.com" "Mozilla/5.0 (Linux; Android 10; SM-G970F)"
192.168.1.2 - - [17/May/2025:06:09:17 +0000] "DELETE /api/data HTTP/1.1" 401 2103 "http://example.com" "curl/7.68.0"
192.168.1.4 - - [17/May/2025:05:13:15 +0000] "DELETE /admin HTTP/1.1" 301 4402 "http://example.com" "curl/7.68.0"
192.168.1.13 - - [17/May/2025:05:26:22 +0000] "GET /admin HTTP/1.1" 400 2467 "http://example.com" "PostmanRuntime/7.29.0"
192.168.1.4 - - [17/May/2025:05:45:43 +0000] "PUT /login HTTP/1.1" 403 4001 "-" "Mozilla/5.0 (Linux; Android 10; SM-G970F)"
192.168.1.7 - - [17/May/2025:05:49:46 +0000] "DELETE /login HTTP/1.1" 200 3382 "-" "Mozilla/5.0 (Linux; Android 10; SM-G970F)"
192.168.1.13 - - [17/May/2025:05:54:34 +0000] "PUT /home HTTP/1.1" 200 2521 "https://referrer.com" "Mozilla/5.0 (Windows NT 10.0; Win64; x64)"
192.168.1.4 - - [17/May/2025:05:25:20 +0000] "DELETE /api/data HTTP/1.1" 401 4324 "http://example.com" "Mozilla/5.0 (Linux; Android 10; SM-G970F)"
192.168.1.19 - - [17/May/2025:06:06:34 +0000] "POST /logout HTTP/1.1" 301 4558 "http://example.com" "PostmanRuntime/7.29.0"
192.168.1.3 - - [17/May/2025:05:37:00 +0000] "DELETE /api/data HTTP/1.1" 301 1013 "-" "Mozilla/5.0 (Windows NT 10.0; Win64; x64)"
192.168.1.13 - - [17/May/2025:05:42:58 +0000] "PUT /logout HTTP/1.1" 302 753 "https://referrer.com" "curl/7.68.0"
192.168.1.11 - - [17/May/2025:05:45:32 +0000] "POST /api/update HTTP/1.1" 500 3643 "https://referrer.com" "PostmanRuntime/7.29.0"
192.168.1.6 - - [17/May/2025:05:35:01 +0000] "PUT /api/data HTTP/1.1" 502 4698 "http://example.com" "PostmanRuntime/7.29.0"
192.168.1.8 - - [17/May/2025:05:32:03 +0000] "PUT /logout HTTP/1.1" 502 2562 "https://referrer.com" "Mozilla/5.0 (Macintosh; Intel Mac OS X 10_15_7)"
192.168.1.4 - - [17/May/2025:05:40:41 +0000] "DELETE /api/update HTTP/1.1" 503 2150 "https://referrer.com" "Mozilla/5.0 (Windows NT 10.0; Win64; x64)"
192.168.1.20 - - [17/May/2025:05:39:07 +0000] "PUT /register HTTP/1.1" 403 1970 "-" "Mozilla/5.0 (Windows NT 10.0; Win64; x64)"
192.168.1.15 - - [17/May/2025:05:23:31 +0000] "GET /admin HTTP/1.1" 200 4118 "-" "Mozilla/5.0 (Linux; Android 10; SM-G970F)"
192.168.1.19 - - [17/May/2025:05:43:28 +0000] "DELETE /logout HTTP/1.1" 404 3447 "https://referrer.com" "Mozilla/5.0 (Linux; Android 10; SM-G970F)"
192.168.1.8 - - [17/May/2025:06:08:19 +0000] "PUT /dashboard HTTP/1.1" 403 4133 "http://example.com" "Mozilla/5.0 (Macintosh; Intel Mac OS X 10_15_7)"
192.168.1.1 - - [17/May/2025:06:05:51 +0000] "GET /admin HTTP/1.1" 403 2728 "-" "Mozilla/5.0 (Linux; Android 10; SM-G970F)"
192.168.1.3 - - [17/May/2025:05:26:23 +0000] "GET /home HTTP/1.1" 400 603 "http://example.com" "Mozilla/5.0 (Macintosh; Intel Mac OS X 10_15_7)"
192.168.1.20 - - [17/May/2025:05:57:43 +0000] "DELETE /dashboard HTTP/1.1" 200 4045 "https://referrer.com" "Mozilla/5.0 (Linux; Android 10; SM-G970F)"
192.168.1.19 - - [17/May/2025:05:13:36 +0000] "DELETE /admin HTTP/1.1" 503 2962 "https://referrer.com" "Mozilla/5.0 (Macintosh; Intel Mac OS X 10_15_7)"
192.168.1.19 - - [17/May/2025:05:52:08 +0000] "GET /register HTTP/1.1" 500 3403 "-" "curl/7.68.0"
192.168.1.11 - - [17/May/2025:06:05:35 +0000] "POST /api/update HTTP/1.1" 502 3690 "http://example.com" "Mozilla/5.0 (Windows NT 10.0; Win64; x64)"
192.168.1.8 - - [17/May/2025:06:00:04 +0000] "PUT /logout HTTP/1.1" 200 2950 "-" "curl/7.68.0"
192.168.1.10 - - [17/May/2025:06:05:28 +0000] "DELETE /register HTTP/1.1" 502 4960 "-" "Mozilla/5.0 (Linux; Android 10; SM-G970F)"
192.168.1.13 - - [17/May/2025:05:27:48 +0000] "PUT /login HTTP/1.1" 403 1214 "-" "PostmanRuntime/7.29.0"
192.168.1.20 - - [17/May/2025:06:07:43 +0000] "POST /logout HTTP/1.1" 401 4186 "http://example.com" "Mozilla/5.0 (Macintosh; Intel Mac OS X 10_15_7)"
192.168.1.8 - - [17/May/2025:05:12:38 +0000] "PUT /home HTTP/1.1" 503 247 "https://referrer.com" "curl/7.68.0"
192.168.1.10 - - [17/May/2025:05:50:13 +0000] "PUT /register HTTP/1.1" 301 477 "-" "Mozilla/5.0 (Linux; Android 10; SM-G970F)"
192.168.1.7 - - [17/May/2025:05:24:21 +0000] "GET /api/data HTTP/1.1" 500 263 "https://referrer.com" "Mozilla/5.0 (Linux; Android 10; SM-G970F)"
192.168.1.15 - - [17/May/2025:05:57:50 +0000] "DELETE /dashboard HTTP/1.1" 403 1358 "-" "PostmanRuntime/7.29.0"
192.168.1.13 - - [17/May/2025:05:44:19 +0000] "GET /logout HTTP/1.1" 502 3899 "http://example.com" "curl/7.68.0"
192.168.1.2 - - [17/May/2025:05:37:02 +0000] "GET /api/update HTTP/1.1" 302 4924 "http://example.com" "curl/7.68.0"
192.168.1.16 - - [17/May/2025:06:04:32 +0000] "POST /api/update HTTP/1.1" 401 443 "-" "Mozilla/5.0 (Windows NT 10.0; Win64; x64)"
192.168.1.3 - - [17/May/2025:05:43:39 +0000] "DELETE /api/update HTTP/1.1" 200 1124 "http://example.com" "Mozilla/5.0 (Windows NT 10.0; Win64; x64)"
192.168.1.4 - - [17/May/2025:05:46:45 +0000] "GET /home HTTP/1.1" 301 1136 "http://example.com" "PostmanRuntime/7.29.0"
192.168.1.5 - - [17/May/2025:06:03:42 +0000] "POST /home HTTP/1.1" 404 446 "http://example.com" "Mozilla/5.0 (Macintosh; Intel Mac OS X 10_15_7)"
192.168.1.8 - - [17/May/2025:06:01:29 +0000] "POST /login HTTP/1.1" 502 4030 "-" "Mozilla/5.0 (Linux; Android 10; SM-G970F)"
192.168.1.3 - - [17/May/2025:06:05:02 +0000] "PUT /admin HTTP/1.1" 301 1971 "http://example.com" "Mozilla/5.0 (Linux; Android 10; SM-G970F)"
192.168.1.7 - - [17/May/2025:05:26:54 +0000] "POST /home HTTP/1.1" 502 943 "https://referrer.com" "PostmanRuntime/7.29.0"
192.168.1.8 - - [17/May/2025:05:59:29 +0000] "POST /register HTTP/1.1" 500 2330 "http://example.com" "Mozilla/5.0 (Macintosh; Intel Mac OS X 10_15_7)"